iwmap 4
"script_startingnumber" 0
"000_Global" flags  active
"The Map" flags expanded 
// entity 0
{
guid "{CDD885AD-CEC2-11F0-9F16-8EB03A46188F}"
"classname" "worldspawn"
"lutmaterial" "luts_t7_default"
"fsi" "default"
"gravity" "800"
"lightingquality" "1024"
"lodbias" "default"
"numOmniShadowSlices" "24"
"numSpotShadowSlices" "64"
"samplescale" "1"
"shadowslices" "96"
"sky_intensity_factor0" "1"
"sky_intensity_factor1" "1"
"skyboxmodel" "skybox_default_day"
"ssi" "default_day"
"state_alias_1" "State 1"
"state_alias_2" "State 2"
"state_alias_3" "State 3"
"state_alias_4" "State 4"
"umbraSmallestHole" "16"
"umbraSmallestOccluder" "96"
"umbraTileSize" "2"
"umbra_prime_depth" "1"
"vbloom" "none"
"vcolor" "none"
"wsi" "default_day"
}
// entity 1
{
guid "{F460C539-CEC1-11F0-9F16-8EB03A46188F}"
"classname" "script_model"
"angles" "0 270 0"
"model" "sat_zm_sawblade_trap_lever"
"origin" "0 0 56"
"script_int" "1"
"targetname" "sawblade_trap_lever"
"_color" "1 0 0"
"client_server" "ServerSide"
"lightingstate1" "1"
"lightingstate2" "1"
"lightingstate3" "1"
"lightingstate4" "1"
"modelscale" "1"
"shadow_casting" "1"
}
// entity 2
{
guid "{4CCD152F-CF96-11F0-9F17-C6B0C6EE9177}"
"classname" "trigger_use"
"script_int" "1"
"targetname" "sawblade_trap_lever"
"_color" "0.3 0.5 0.8"
"cursorhint" "HINT_ACTIVATE"
// brush 0
{
 guid "{4CCD152E-CF96-11F0-9F17-C6B0C6EE9177}"
 ( 26 -10 43 ) ( -6 -10 43 ) ( -6 -42 43 ) trigger 64 64 -9 0 0 0 lightmap_gray 16384 16384 -9 0 0 0
 ( -6 -42 69 ) ( -6 -10 69 ) ( 26 -10 69 ) trigger 64 64 -9 0 0 0 lightmap_gray 16384 16384 -9 0 0 0
 ( -6 -14 67 ) ( 26 -14 67 ) ( 26 -14 51 ) trigger 64 64 -9 -3 0 0 lightmap_gray 16384 16384 -9 -3 0 0
 ( 9 -42 70 ) ( 9 -10 70 ) ( 9 -10 54 ) trigger 64 64 0 -6 0 0 lightmap_gray 16384 16384 0 -6 0 0
 ( 26 0 67 ) ( -6 0 67 ) ( -6 0 51 ) trigger 64 64 -9 -3 0 0 lightmap_gray 16384 16384 -9 -3 0 0
 ( -9 -10 73 ) ( -9 -42 73 ) ( -9 -42 57 ) trigger 64 64 0 -9 0 0 lightmap_gray 16384 16384 0 -9 0 0
}
}
